=== hack_cc Memory Map ===

ROM: 7854 instructions  (0x0000..0x1ead)

Bootstrap:
  (startup / call main)                0x0000(    0)     16
  __end                                0x0010(   16)      2

User code:
  [cal.c]
    print_str                          0x0012(   18)     86
    print_int                          0x0068(  104)    102
    month_name                         0x00ce(  206)    652
    readint                            0x035a(  858)   1054
    pstr                               0x0778( 1912)    645
    jan1                               0x09fd( 2557)    625
    cal                                0x0c6e( 3182)   2661
    main                               0x16d3( 5843)   1080

Runtime library:
  __div                                0x1b0b( 6923)     66
  __mul                                0x1b4d( 6989)     53
  __vm_call                            0x1b82( 7042)     48
  __vm_return                          0x1bb2( 7090)     43
  getchar                              0x1bdd( 7133)     19
  itoa                                 0x1bf0( 7152)     26
  memset                               0x1c0a( 7178)     85
  putchar_screen                       0x1c5f( 7263)     21
  puts_screen                          0x1c74( 7284)     19
  __console_putchar                    0x1c87( 7303)    162
  __itoa                               0x1d29( 7465)    126
  __puts_screen                        0x1da7( 7591)     38
  __draw_char                          0x1dcd( 7629)    225

RAM: stack base 487  (0x01e7)

Data segment  (16..422  407 words):
  __str_0                              0x0010(   16)      9
  __str_1                              0x0019(   25)     10
  __str_2                              0x0023(   35)      7
  __str_3                              0x002a(   42)      7
  __str_4                              0x0031(   49)      5
  __str_5                              0x0036(   54)      6
  __str_6                              0x003c(   60)      6
  __str_7                              0x0042(   66)      8
  __str_8                              0x004a(   74)     11
  __str_9                              0x0055(   85)      9
  __str_10                             0x005e(   94)     10
  __str_11                             0x0068(  104)     10
  __str_12                             0x0072(  114)      5
  __str_13                             0x0077(  119)     24
  __str_14                             0x008f(  143)     24
  __str_15                             0x00a7(  167)     24
  __str_16                             0x00bf(  191)     18
  __str_17                             0x00d1(  209)     24
  __str_18                             0x00e9(  233)     19
  __str_19                             0x00fc(  252)      5
  __str_20                             0x0101(  257)     22
  __g_string                           0x0117(  279)    144

Runtime scratch  (423..431):
  __con_r3                             0x01a7(  423)      1
  __con_ch                             0x01a8(  424)      1
  __con_col                            0x01a9(  425)      1
  __con_row                            0x01aa(  426)      1
  __con_src                            0x01ab(  427)      1
  __con_dst                            0x01ac(  428)      1
  __con_n                              0x01ad(  429)      1
  __pss_r3                             0x01ae(  430)      1
  __pss_ptr                            0x01af(  431)      1

Font table  (15328..16383  1056 words):
  (96 chars × 11 rows bitmap)          0x3be0(15328)   1056  (705 non-zero entries)

Stack  (14841 words available):
  base (SP)                            0x01e7(  487)
  ceiling                              0x3be0(15328)  (font table)

